Archive member included to satisfy reference by file (symbol)

c:/st/stm32cubeide_1.9.0/stm32cubeide/plugins/com.st.stm32cube.ide.mcu.externaltools.gnu-tools-for-stm32.10.3-2021.10.win32_1.0.0.202111181127/tools/bin/../lib/gcc/arm-none-eabi/10.3.1/../../../../arm-none-eabi/lib/thumb/v7e-m+fp/hard\libc_nano.a(lib_a-errno.o)
                              ./Core/Src/syscalls.o (__errno)
c:/st/stm32cubeide_1.9.0/stm32cubeide/plugins/com.st.stm32cube.ide.mcu.externaltools.gnu-tools-for-stm32.10.3-2021.10.win32_1.0.0.202111181127/tools/bin/../lib/gcc/arm-none-eabi/10.3.1/../../../../arm-none-eabi/lib/thumb/v7e-m+fp/hard\libc_nano.a(lib_a-exit.o)
                              c:/st/stm32cubeide_1.9.0/stm32cubeide/plugins/com.st.stm32cube.ide.mcu.externaltools.gnu-tools-for-stm32.10.3-2021.10.win32_1.0.0.202111181127/tools/bin/../lib/gcc/arm-none-eabi/10.3.1/../../../../arm-none-eabi/lib/thumb/v7e-m+fp/hard/crt0.o (exit)
c:/st/stm32cubeide_1.9.0/stm32cubeide/plugins/com.st.stm32cube.ide.mcu.externaltools.gnu-tools-for-stm32.10.3-2021.10.win32_1.0.0.202111181127/tools/bin/../lib/gcc/arm-none-eabi/10.3.1/../../../../arm-none-eabi/lib/thumb/v7e-m+fp/hard\libc_nano.a(lib_a-impure.o)
                              c:/st/stm32cubeide_1.9.0/stm32cubeide/plugins/com.st.stm32cube.ide.mcu.externaltools.gnu-tools-for-stm32.10.3-2021.10.win32_1.0.0.202111181127/tools/bin/../lib/gcc/arm-none-eabi/10.3.1/../../../../arm-none-eabi/lib/thumb/v7e-m+fp/hard\libc_nano.a(lib_a-exit.o) (_global_impure_ptr)
c:/st/stm32cubeide_1.9.0/stm32cubeide/plugins/com.st.stm32cube.ide.mcu.externaltools.gnu-tools-for-stm32.10.3-2021.10.win32_1.0.0.202111181127/tools/bin/../lib/gcc/arm-none-eabi/10.3.1/../../../../arm-none-eabi/lib/thumb/v7e-m+fp/hard\libc_nano.a(lib_a-init.o)
                              c:/st/stm32cubeide_1.9.0/stm32cubeide/plugins/com.st.stm32cube.ide.mcu.externaltools.gnu-tools-for-stm32.10.3-2021.10.win32_1.0.0.202111181127/tools/bin/../lib/gcc/arm-none-eabi/10.3.1/../../../../arm-none-eabi/lib/thumb/v7e-m+fp/hard/crt0.o (__libc_init_array)
c:/st/stm32cubeide_1.9.0/stm32cubeide/plugins/com.st.stm32cube.ide.mcu.externaltools.gnu-tools-for-stm32.10.3-2021.10.win32_1.0.0.202111181127/tools/bin/../lib/gcc/arm-none-eabi/10.3.1/../../../../arm-none-eabi/lib/thumb/v7e-m+fp/hard\libc_nano.a(lib_a-memset.o)
                              c:/st/stm32cubeide_1.9.0/stm32cubeide/plugins/com.st.stm32cube.ide.mcu.externaltools.gnu-tools-for-stm32.10.3-2021.10.win32_1.0.0.202111181127/tools/bin/../lib/gcc/arm-none-eabi/10.3.1/../../../../arm-none-eabi/lib/thumb/v7e-m+fp/hard/crt0.o (memset)
c:/st/stm32cubeide_1.9.0/stm32cubeide/plugins/com.st.stm32cube.ide.mcu.externaltools.gnu-tools-for-stm32.10.3-2021.10.win32_1.0.0.202111181127/tools/bin/../lib/gcc/arm-none-eabi/10.3.1/thumb/v7e-m+fp/hard\libgcc.a(_arm_addsubdf3.o)
                              ./Core/Src/main.o (__aeabi_i2d)
c:/st/stm32cubeide_1.9.0/stm32cubeide/plugins/com.st.stm32cube.ide.mcu.externaltools.gnu-tools-for-stm32.10.3-2021.10.win32_1.0.0.202111181127/tools/bin/../lib/gcc/arm-none-eabi/10.3.1/thumb/v7e-m+fp/hard\libgcc.a(_arm_muldivdf3.o)
                              ./Core/Src/main.o (__aeabi_ddiv)
c:/st/stm32cubeide_1.9.0/stm32cubeide/plugins/com.st.stm32cube.ide.mcu.externaltools.gnu-tools-for-stm32.10.3-2021.10.win32_1.0.0.202111181127/tools/bin/../lib/gcc/arm-none-eabi/10.3.1/thumb/v7e-m+fp/hard\libgcc.a(_arm_truncdfsf2.o)
                              ./Core/Src/main.o (__aeabi_d2f)
c:/st/stm32cubeide_1.9.0/stm32cubeide/plugins/com.st.stm32cube.ide.mcu.externaltools.gnu-tools-for-stm32.10.3-2021.10.win32_1.0.0.202111181127/tools/bin/../lib/gcc/arm-none-eabi/10.3.1/thumb/v7e-m+fp/hard\libgcc.a(_aeabi_uldivmod.o)
                              ./Drivers/STM32F4xx_HAL_Driver/Src/stm32f4xx_hal_rcc.o (__aeabi_uldivmod)
c:/st/stm32cubeide_1.9.0/stm32cubeide/plugins/com.st.stm32cube.ide.mcu.externaltools.gnu-tools-for-stm32.10.3-2021.10.win32_1.0.0.202111181127/tools/bin/../lib/gcc/arm-none-eabi/10.3.1/thumb/v7e-m+fp/hard\libgcc.a(_udivmoddi4.o)
                              c:/st/stm32cubeide_1.9.0/stm32cubeide/plugins/com.st.stm32cube.ide.mcu.externaltools.gnu-tools-for-stm32.10.3-2021.10.win32_1.0.0.202111181127/tools/bin/../lib/gcc/arm-none-eabi/10.3.1/thumb/v7e-m+fp/hard\libgcc.a(_aeabi_uldivmod.o) (__udivmoddi4)
c:/st/stm32cubeide_1.9.0/stm32cubeide/plugins/com.st.stm32cube.ide.mcu.externaltools.gnu-tools-for-stm32.10.3-2021.10.win32_1.0.0.202111181127/tools/bin/../lib/gcc/arm-none-eabi/10.3.1/thumb/v7e-m+fp/hard\libgcc.a(_dvmd_tls.o)
                              c:/st/stm32cubeide_1.9.0/stm32cubeide/plugins/com.st.stm32cube.ide.mcu.externaltools.gnu-tools-for-stm32.10.3-2021.10.win32_1.0.0.202111181127/tools/bin/../lib/gcc/arm-none-eabi/10.3.1/thumb/v7e-m+fp/hard\libgcc.a(_aeabi_uldivmod.o) (__aeabi_ldiv0)

Discarded input sections

[...]
Memory Configuration

Name             Origin             Length             Attributes
CCMRAM           0x0000000010000000 0x0000000000010000 xrw
RAM              0x0000000020000000 0x0000000000020000 xrw
FLASH            0x0000000008000000 0x0000000000100000 xr
*default*        0x0000000000000000 0xffffffffffffffff

Linker script and memory map

LOAD c:/st/stm32cubeide_1.9.0/stm32cubeide/plugins/com.st.stm32cube.ide.mcu.externaltools.gnu-tools-for-stm32.10.3-2021.10.win32_1.0.0.202111181127/tools/bin/../lib/gcc/arm-none-eabi/10.3.1/thumb/v7e-m+fp/hard/crti.o
LOAD c:/st/stm32cubeide_1.9.0/stm32cubeide/plugins/com.st.stm32cube.ide.mcu.externaltools.gnu-tools-for-stm32.10.3-2021.10.win32_1.0.0.202111181127/tools/bin/../lib/gcc/arm-none-eabi/10.3.1/thumb/v7e-m+fp/hard/crtbegin.o
LOAD c:/st/stm32cubeide_1.9.0/stm32cubeide/plugins/com.st.stm32cube.ide.mcu.externaltools.gnu-tools-for-stm32.10.3-2021.10.win32_1.0.0.202111181127/tools/bin/../lib/gcc/arm-none-eabi/10.3.1/../../../../arm-none-eabi/lib/thumb/v7e-m+fp/hard/crt0.o
LOAD ./Core/Src/main.o
LOAD ./Core/Src/stm32f4xx_hal_msp.o
LOAD ./Core/Src/stm32f4xx_it.o
LOAD ./Core/Src/syscalls.o
LOAD ./Core/Src/sysmem.o
LOAD ./Core/Src/system_stm32f4xx.o
LOAD ./Core/Startup/startup_stm32f407vgtx.o
LOAD ./Drivers/STM32F4xx_HAL_Driver/Src/stm32f4xx_hal.o
LOAD ./Drivers/STM32F4xx_HAL_Driver/Src/stm32f4xx_hal_adc.o
LOAD ./Drivers/STM32F4xx_HAL_Driver/Src/stm32f4xx_hal_adc_ex.o
LOAD ./Drivers/STM32F4xx_HAL_Driver/Src/stm32f4xx_hal_cortex.o
LOAD ./Drivers/STM32F4xx_HAL_Driver/Src/stm32f4xx_hal_dma.o
LOAD ./Drivers/STM32F4xx_HAL_Driver/Src/stm32f4xx_hal_dma_ex.o
LOAD ./Drivers/STM32F4xx_HAL_Driver/Src/stm32f4xx_hal_exti.o
LOAD ./Drivers/STM32F4xx_HAL_Driver/Src/stm32f4xx_hal_flash.o
LOAD ./Drivers/STM32F4xx_HAL_Driver/Src/stm32f4xx_hal_flash_ex.o
LOAD ./Drivers/STM32F4xx_HAL_Driver/Src/stm32f4xx_hal_flash_ramfunc.o
LOAD ./Drivers/STM32F4xx_HAL_Driver/Src/stm32f4xx_hal_gpio.o
LOAD ./Drivers/STM32F4xx_HAL_Driver/Src/stm32f4xx_hal_pwr.o
LOAD ./Drivers/STM32F4xx_HAL_Driver/Src/stm32f4xx_hal_pwr_ex.o
LOAD ./Drivers/STM32F4xx_HAL_Driver/Src/stm32f4xx_hal_rcc.o
LOAD ./Drivers/STM32F4xx_HAL_Driver/Src/stm32f4xx_hal_rcc_ex.o
LOAD ./Drivers/STM32F4xx_HAL_Driver/Src/stm32f4xx_hal_tim.o
LOAD ./Drivers/STM32F4xx_HAL_Driver/Src/stm32f4xx_hal_tim_ex.o
LOAD ./Drivers/STM32F4xx_HAL_Driver/Src/stm32f4xx_ll_adc.o
START GROUP
LOAD c:/st/stm32cubeide_1.9.0/stm32cubeide/plugins/com.st.stm32cube.ide.mcu.externaltools.gnu-tools-for-stm32.10.3-2021.10.win32_1.0.0.202111181127/tools/bin/../lib/gcc/arm-none-eabi/10.3.1/../../../../arm-none-eabi/lib/thumb/v7e-m+fp/hard\libc_nano.a
LOAD c:/st/stm32cubeide_1.9.0/stm32cubeide/plugins/com.st.stm32cube.ide.mcu.externaltools.gnu-tools-for-stm32.10.3-2021.10.win32_1.0.0.202111181127/tools/bin/../lib/gcc/arm-none-eabi/10.3.1/../../../../arm-none-eabi/lib/thumb/v7e-m+fp/hard\libm.a
END GROUP
START GROUP
LOAD c:/st/stm32cubeide_1.9.0/stm32cubeide/plugins/com.st.stm32cube.ide.mcu.externaltools.gnu-tools-for-stm32.10.3-2021.10.win32_1.0.0.202111181127/tools/bin/../lib/gcc/arm-none-eabi/10.3.1/thumb/v7e-m+fp/hard\libgcc.a
LOAD c:/st/stm32cubeide_1.9.0/stm32cubeide/plugins/com.st.stm32cube.ide.mcu.externaltools.gnu-tools-for-stm32.10.3-2021.10.win32_1.0.0.202111181127/tools/bin/../lib/gcc/arm-none-eabi/10.3.1/../../../../arm-none-eabi/lib/thumb/v7e-m+fp/hard\libc_nano.a
END GROUP
START GROUP
LOAD c:/st/stm32cubeide_1.9.0/stm32cubeide/plugins/com.st.stm32cube.ide.mcu.externaltools.gnu-tools-for-stm32.10.3-2021.10.win32_1.0.0.202111181127/tools/bin/../lib/gcc/arm-none-eabi/10.3.1/thumb/v7e-m+fp/hard\libgcc.a
LOAD c:/st/stm32cubeide_1.9.0/stm32cubeide/plugins/com.st.stm32cube.ide.mcu.externaltools.gnu-tools-for-stm32.10.3-2021.10.win32_1.0.0.202111181127/tools/bin/../lib/gcc/arm-none-eabi/10.3.1/../../../../arm-none-eabi/lib/thumb/v7e-m+fp/hard\libc_nano.a
LOAD c:/st/stm32cubeide_1.9.0/stm32cubeide/plugins/com.st.stm32cube.ide.mcu.externaltools.gnu-tools-for-stm32.10.3-2021.10.win32_1.0.0.202111181127/tools/bin/../lib/gcc/arm-none-eabi/10.3.1/../../../../arm-none-eabi/lib/thumb/v7e-m+fp/hard\libnosys.a
END GROUP
START GROUP
LOAD c:/st/stm32cubeide_1.9.0/stm32cubeide/plugins/com.st.stm32cube.ide.mcu.externaltools.gnu-tools-for-stm32.10.3-2021.10.win32_1.0.0.202111181127/tools/bin/../lib/gcc/arm-none-eabi/10.3.1/thumb/v7e-m+fp/hard\libgcc.a
LOAD c:/st/stm32cubeide_1.9.0/stm32cubeide/plugins/com.st.stm32cube.ide.mcu.externaltools.gnu-tools-for-stm32.10.3-2021.10.win32_1.0.0.202111181127/tools/bin/../lib/gcc/arm-none-eabi/10.3.1/../../../../arm-none-eabi/lib/thumb/v7e-m+fp/hard\libc_nano.a
LOAD c:/st/stm32cubeide_1.9.0/stm32cubeide/plugins/com.st.stm32cube.ide.mcu.externaltools.gnu-tools-for-stm32.10.3-2021.10.win32_1.0.0.202111181127/tools/bin/../lib/gcc/arm-none-eabi/10.3.1/../../../../arm-none-eabi/lib/thumb/v7e-m+fp/hard\libnosys.a
END GROUP
LOAD c:/st/stm32cubeide_1.9.0/stm32cubeide/plugins/com.st.stm32cube.ide.mcu.externaltools.gnu-tools-for-stm32.10.3-2021.10.win32_1.0.0.202111181127/tools/bin/../lib/gcc/arm-none-eabi/10.3.1/thumb/v7e-m+fp/hard/crtend.o
LOAD c:/st/stm32cubeide_1.9.0/stm32cubeide/plugins/com.st.stm32cube.ide.mcu.externaltools.gnu-tools-for-stm32.10.3-2021.10.win32_1.0.0.202111181127/tools/bin/../lib/gcc/arm-none-eabi/10.3.1/thumb/v7e-m+fp/hard/crtn.o
                0x0000000020020000                _estack = (ORIGIN (RAM) + LENGTH (RAM))
                0x0000000000000200                _Min_Heap_Size = 0x200
                0x0000000000000400                _Min_Stack_Size = 0x400

.isr_vector     0x0000000008000000      0x188
                0x0000000008000000                . = ALIGN (0x4)
 *(.isr_vector)
 .isr_vector    0x0000000008000000      0x188 ./Core/Startup/startup_stm32f407vgtx.o
                0x0000000008000000                g_pfnVectors
                0x0000000008000188                . = ALIGN (0x4)

.text           0x0000000008000188     0x3168
                0x0000000008000188                . = ALIGN (0x4)
 *(.text)
 .text          0x0000000008000188       0x40 c:/st/stm32cubeide_1.9.0/stm32cubeide/plugins/com.st.stm32cube.ide.mcu.externaltools.gnu-tools-for-stm32.10.3-2021.10.win32_1.0.0.202111181127/tools/bin/../lib/gcc/arm-none-eabi/10.3.1/thumb/v7e-m+fp/hard/crtbegin.o
 .text          0x00000000080001c8      0x378 c:/st/stm32cubeide_1.9.0/stm32cubeide/plugins/com.st.stm32cube.ide.mcu.externaltools.gnu-tools-for-stm32.10.3-2021.10.win32_1.0.0.202111181127/tools/bin/../lib/gcc/arm-none-eabi/10.3.1/thumb/v7e-m+fp/hard\libgcc.a(_arm_addsubdf3.o)
                0x00000000080001c8                __aeabi_drsub
                0x00000000080001d0                __aeabi_dsub
                0x00000000080001d0                __subdf3
                0x00000000080001d4                __aeabi_dadd
                0x00000000080001d4                __adddf3
                0x000000000800044c                __floatunsidf
                0x000000000800044c                __aeabi_ui2d
                0x000000000800046c                __floatsidf
                0x000000000800046c                __aeabi_i2d
                0x0000000008000490                __aeabi_f2d
                0x0000000008000490                __extendsfdf2
                0x00000000080004d4                __floatundidf
                0x00000000080004d4                __aeabi_ul2d
                0x00000000080004e4                __floatdidf
                0x00000000080004e4                __aeabi_l2d
 .text          0x0000000008000540      0x424 c:/st/stm32cubeide_1.9.0/stm32cubeide/plugins/com.st.stm32cube.ide.mcu.externaltools.gnu-tools-for-stm32.10.3-2021.10.win32_1.0.0.202111181127/tools/bin/../lib/gcc/arm-none-eabi/10.3.1/thumb/v7e-m+fp/hard\libgcc.a(_arm_muldivdf3.o)
                0x0000000008000540                __aeabi_dmul
                0x0000000008000540                __muldf3
                0x0000000008000794                __divdf3
                0x0000000008000794                __aeabi_ddiv
 .text          0x0000000008000964       0xa0 c:/st/stm32cubeide_1.9.0/stm32cubeide/plugins/com.st.stm32cube.ide.mcu.externaltools.gnu-tools-for-stm32.10.3-2021.10.win32_1.0.0.202111181127/tools/bin/../lib/gcc/arm-none-eabi/10.3.1/thumb/v7e-m+fp/hard\libgcc.a(_arm_truncdfsf2.o)
                0x0000000008000964                __truncdfsf2
                0x0000000008000964                __aeabi_d2f
 .text          0x0000000008000a04       0x30 c:/st/stm32cubeide_1.9.0/stm32cubeide/plugins/com.st.stm32cube.ide.mcu.externaltools.gnu-tools-for-stm32.10.3-2021.10.win32_1.0.0.202111181127/tools/bin/../lib/gcc/arm-none-eabi/10.3.1/thumb/v7e-m+fp/hard\libgcc.a(_aeabi_uldivmod.o)
                0x0000000008000a04                __aeabi_uldivmod
 .text          0x0000000008000a34      0x2d0 c:/st/stm32cubeide_1.9.0/stm32cubeide/plugins/com.st.stm32cube.ide.mcu.externaltools.gnu-tools-for-stm32.10.3-2021.10.win32_1.0.0.202111181127/tools/bin/../lib/gcc/arm-none-eabi/10.3.1/thumb/v7e-m+fp/hard\libgcc.a(_udivmoddi4.o)
                0x0000000008000a34                __udivmoddi4
 .text          0x0000000008000d04        0x4 c:/st/stm32cubeide_1.9.0/stm32cubeide/plugins/com.st.stm32cube.ide.mcu.externaltools.gnu-tools-for-stm32.10.3-2021.10.win32_1.0.0.202111181127/tools/bin/../lib/gcc/arm-none-eabi/10.3.1/thumb/v7e-m+fp/hard\libgcc.a(_dvmd_tls.o)
                0x0000000008000d04                __aeabi_idiv0
                0x0000000008000d04                __aeabi_ldiv0
 *(.text*)
 .text.microDelay
                0x0000000008000d08       0x34 ./Core/Src/main.o
                0x0000000008000d08                microDelay
 .text.DHT11_Start
                0x0000000008000d3c       0xf0 ./Core/Src/main.o
                0x0000000008000d3c                DHT11_Start
 .text.DHT11_Read
                0x0000000008000e2c       0xf8 ./Core/Src/main.o
                0x0000000008000e2c                DHT11_Read
 .text.main     0x0000000008000f24      0x1a4 ./Core/Src/main.o
                0x0000000008000f24                main
 .text.SystemClock_Config
                0x00000000080010c8       0xd0 ./Core/Src/main.o
                0x00000000080010c8                SystemClock_Config
 .text.MX_ADC1_Init
                0x0000000008001198       0xa4 ./Core/Src/main.o
 .text.MX_TIM1_Init
                0x000000000800123c       0xa0 ./Core/Src/main.o
 .text.MX_GPIO_Init
                0x00000000080012dc       0xd0 ./Core/Src/main.o
 .text.Error_Handler
                0x00000000080013ac        0xa ./Core/Src/main.o
                0x00000000080013ac                Error_Handler
 *fill*         0x00000000080013b6        0x2 
 .text.HAL_MspInit
                0x00000000080013b8       0x50 ./Core/Src/stm32f4xx_hal_msp.o
                0x00000000080013b8                HAL_MspInit
 .text.HAL_ADC_MspInit
                0x0000000008001408       0x88 ./Core/Src/stm32f4xx_hal_msp.o
                0x0000000008001408                HAL_ADC_MspInit
 .text.HAL_TIM_Base_MspInit
                0x0000000008001490       0x44 ./Core/Src/stm32f4xx_hal_msp.o
                0x0000000008001490                HAL_TIM_Base_MspInit
 .text.NMI_Handler
                0x00000000080014d4        0x6 ./Core/Src/stm32f4xx_it.o
                0x00000000080014d4                NMI_Handler
 .text.HardFault_Handler
                0x00000000080014da        0x6 ./Core/Src/stm32f4xx_it.o
                0x00000000080014da                HardFault_Handler
 .text.MemManage_Handler
                0x00000000080014e0        0x6 ./Core/Src/stm32f4xx_it.o
                0x00000000080014e0                MemManage_Handler
 .text.BusFault_Handler
                0x00000000080014e6        0x6 ./Core/Src/stm32f4xx_it.o
                0x00000000080014e6                BusFault_Handler
 .text.UsageFault_Handler
                0x00000000080014ec        0x6 ./Core/Src/stm32f4xx_it.o
                0x00000000080014ec                UsageFault_Handler
 .text.SVC_Handler
                0x00000000080014f2        0xe ./Core/Src/stm32f4xx_it.o
                0x00000000080014f2                SVC_Handler
 .text.DebugMon_Handler
                0x0000000008001500        0xe ./Core/Src/stm32f4xx_it.o
                0x0000000008001500                DebugMon_Handler
 .text.PendSV_Handler
                0x000000000800150e        0xe ./Core/Src/stm32f4xx_it.o
                0x000000000800150e                PendSV_Handler
 .text.SysTick_Handler
                0x000000000800151c        0xc ./Core/Src/stm32f4xx_it.o
                0x000000000800151c                SysTick_Handler
 .text.SystemInit
                0x0000000008001528       0x24 ./Core/Src/system_stm32f4xx.o
                0x0000000008001528                SystemInit
 .text.Reset_Handler
                0x000000000800154c       0x50 ./Core/Startup/startup_stm32f407vgtx.o
                0x000000000800154c                Reset_Handler
 .text.Default_Handler
                0x000000000800159c        0x2 ./Core/Startup/startup_stm32f407vgtx.o
                0x000000000800159c                RTC_Alarm_IRQHandler
                0x000000000800159c                HASH_RNG_IRQHandler
                0x000000000800159c                EXTI2_IRQHandler
                0x000000000800159c                TIM8_CC_IRQHandler
                0x000000000800159c                TIM1_CC_IRQHandler
                0x000000000800159c                DMA2_Stream5_IRQHandler
                0x000000000800159c                DMA1_Stream5_IRQHandler
                0x000000000800159c                PVD_IRQHandler
                0x000000000800159c                SDIO_IRQHandler
                0x000000000800159c                TAMP_STAMP_IRQHandler
                0x000000000800159c                CAN2_RX1_IRQHandler
                0x000000000800159c                EXTI3_IRQHandler
                0x000000000800159c                TIM8_TRG_COM_TIM14_IRQHandler
                0x000000000800159c                TIM1_UP_TIM10_IRQHandler
                0x000000000800159c                TIM8_UP_TIM13_IRQHandler
                0x000000000800159c                I2C3_ER_IRQHandler
                0x000000000800159c                EXTI0_IRQHandler
                0x000000000800159c                I2C2_EV_IRQHandler
                0x000000000800159c                DMA1_Stream2_IRQHandler
                0x000000000800159c                CAN1_RX0_IRQHandler
                0x000000000800159c                FPU_IRQHandler
                0x000000000800159c                OTG_HS_WKUP_IRQHandler
                0x000000000800159c                CAN2_SCE_IRQHandler
                0x000000000800159c                DMA2_Stream2_IRQHandler
                0x000000000800159c                SPI1_IRQHandler
                0x000000000800159c                TIM6_DAC_IRQHandler
                0x000000000800159c                TIM1_BRK_TIM9_IRQHandler
                0x000000000800159c                DCMI_IRQHandler
                0x000000000800159c                CAN2_RX0_IRQHandler
                0x000000000800159c                DMA2_Stream3_IRQHandler
                0x000000000800159c                USART6_IRQHandler
                0x000000000800159c                USART3_IRQHandler
                0x000000000800159c                CAN1_RX1_IRQHandler
                0x000000000800159c                UART5_IRQHandler
                0x000000000800159c                DMA2_Stream0_IRQHandler
                0x000000000800159c                TIM4_IRQHandler
                0x000000000800159c                I2C1_EV_IRQHandler
                0x000000000800159c                DMA1_Stream6_IRQHandler
                0x000000000800159c                DMA1_Stream1_IRQHandler
                0x000000000800159c                UART4_IRQHandler
                0x000000000800159c                TIM3_IRQHandler
                0x000000000800159c                RCC_IRQHandler
                0x000000000800159c                TIM8_BRK_TIM12_IRQHandler
                0x000000000800159c                Default_Handler
                0x000000000800159c                EXTI15_10_IRQHandler
                0x000000000800159c                ADC_IRQHandler
                0x000000000800159c                DMA1_Stream7_IRQHandler
                0x000000000800159c                TIM7_IRQHandler
                0x000000000800159c                CAN2_TX_IRQHandler
                0x000000000800159c                TIM5_IRQHandler
                0x000000000800159c                DMA2_Stream7_IRQHandler
                0x000000000800159c                I2C3_EV_IRQHandler
                0x000000000800159c                EXTI9_5_IRQHandler
                0x000000000800159c                RTC_WKUP_IRQHandler
                0x000000000800159c                ETH_WKUP_IRQHandler
                0x000000000800159c                SPI2_IRQHandler
                0x000000000800159c                OTG_HS_EP1_IN_IRQHandler
                0x000000000800159c                DMA1_Stream0_IRQHandler
                0x000000000800159c                CAN1_TX_IRQHandler
                0x000000000800159c                EXTI4_IRQHandler
                0x000000000800159c                FSMC_IRQHandler
                0x000000000800159c                ETH_IRQHandler
                0x000000000800159c                OTG_HS_EP1_OUT_IRQHandler
                0x000000000800159c                WWDG_IRQHandler
                0x000000000800159c                TIM2_IRQHandler
                0x000000000800159c                OTG_FS_WKUP_IRQHandler
                0x000000000800159c                TIM1_TRG_COM_TIM11_IRQHandler
                0x000000000800159c                OTG_HS_IRQHandler
                0x000000000800159c                EXTI1_IRQHandler
                0x000000000800159c                USART2_IRQHandler
                0x000000000800159c                I2C2_ER_IRQHandler
                0x000000000800159c                DMA2_Stream1_IRQHandler
                0x000000000800159c                CAN1_SCE_IRQHandler
                0x000000000800159c                FLASH_IRQHandler
                0x000000000800159c                DMA2_Stream4_IRQHandler
                0x000000000800159c                USART1_IRQHandler
                0x000000000800159c                OTG_FS_IRQHandler
                0x000000000800159c                SPI3_IRQHandler
                0x000000000800159c                DMA1_Stream4_IRQHandler
                0x000000000800159c                I2C1_ER_IRQHandler
                0x000000000800159c                DMA2_Stream6_IRQHandler
                0x000000000800159c                DMA1_Stream3_IRQHandler
 *fill*         0x000000000800159e        0x2 
 .text.HAL_Init
                0x00000000080015a0       0x44 ./Drivers/STM32F4xx_HAL_Driver/Src/stm32f4xx_hal.o
                0x00000000080015a0                HAL_Init
 .text.HAL_InitTick
                0x00000000080015e4       0x60 ./Drivers/STM32F4xx_HAL_Driver/Src/stm32f4xx_hal.o
                0x00000000080015e4                HAL_InitTick
 .text.HAL_IncTick
                0x0000000008001644       0x28 ./Drivers/STM32F4xx_HAL_Driver/Src/stm32f4xx_hal.o
                0x0000000008001644                HAL_IncTick
 .text.HAL_GetTick
                0x000000000800166c       0x18 ./Drivers/STM32F4xx_HAL_Driver/Src/stm32f4xx_hal.o
                0x000000000800166c                HAL_GetTick
 .text.HAL_Delay
                0x0000000008001684       0x48 ./Drivers/STM32F4xx_HAL_Driver/Src/stm32f4xx_hal.o
                0x0000000008001684                HAL_Delay
 .text.HAL_ADC_Init
                0x00000000080016cc       0x86 ./Drivers/STM32F4xx_HAL_Driver/Src/stm32f4xx_hal_adc.o
                0x00000000080016cc                HAL_ADC_Init
 *fill*         0x0000000008001752        0x2 
 .text.HAL_ADC_Start
                0x0000000008001754      0x1a4 ./Drivers/STM32F4xx_HAL_Driver/Src/stm32f4xx_hal_adc.o
                0x0000000008001754                HAL_ADC_Start
 .text.HAL_ADC_PollForConversion
                0x00000000080018f8      0x116 ./Drivers/STM32F4xx_HAL_Driver/Src/stm32f4xx_hal_adc.o
                0x00000000080018f8                HAL_ADC_PollForConversion
 .text.HAL_ADC_GetValue
                0x0000000008001a0e       0x1a ./Drivers/STM32F4xx_HAL_Driver/Src/stm32f4xx_hal_adc.o
                0x0000000008001a0e                HAL_ADC_GetValue
 .text.HAL_ADC_ConfigChannel
                0x0000000008001a28      0x244 ./Drivers/STM32F4xx_HAL_Driver/Src/stm32f4xx_hal_adc.o
                0x0000000008001a28                HAL_ADC_ConfigChannel
 .text.ADC_Init
                0x0000000008001c6c      0x1f8 ./Drivers/STM32F4xx_HAL_Driver/Src/stm32f4xx_hal_adc.o
 .text.__NVIC_SetPriorityGrouping
                0x0000000008001e64       0x48 ./Drivers/STM32F4xx_HAL_Driver/Src/stm32f4xx_hal_cortex.o
 .text.__NVIC_GetPriorityGrouping
                0x0000000008001eac       0x1c ./Drivers/STM32F4xx_HAL_Driver/Src/stm32f4xx_hal_cortex.o
 .text.__NVIC_SetPriority
                0x0000000008001ec8       0x54 ./Drivers/STM32F4xx_HAL_Driver/Src/stm32f4xx_hal_cortex.o
 .text.NVIC_EncodePriority
                0x0000000008001f1c       0x66 ./Drivers/STM32F4xx_HAL_Driver/Src/stm32f4xx_hal_cortex.o
 *fill*         0x0000000008001f82        0x2 
 .text.SysTick_Config
                0x0000000008001f84       0x44 ./Drivers/STM32F4xx_HAL_Driver/Src/stm32f4xx_hal_cortex.o
 .text.HAL_NVIC_SetPriorityGrouping
                0x0000000008001fc8       0x16 ./Drivers/STM32F4xx_HAL_Driver/Src/stm32f4xx_hal_cortex.o
                0x0000000008001fc8                HAL_NVIC_SetPriorityGrouping
 .text.HAL_NVIC_SetPriority
                0x0000000008001fde       0x38 ./Drivers/STM32F4xx_HAL_Driver/Src/stm32f4xx_hal_cortex.o
                0x0000000008001fde                HAL_NVIC_SetPriority
 .text.HAL_SYSTICK_Config
                0x0000000008002016       0x18 ./Drivers/STM32F4xx_HAL_Driver/Src/stm32f4xx_hal_cortex.o
                0x0000000008002016                HAL_SYSTICK_Config
 *fill*         0x000000000800202e        0x2 
 .text.HAL_GPIO_Init
                0x0000000008002030      0x338 ./Drivers/STM32F4xx_HAL_Driver/Src/stm32f4xx_hal_gpio.o
                0x0000000008002030                HAL_GPIO_Init
 .text.HAL_GPIO_ReadPin
                0x0000000008002368       0x30 ./Drivers/STM32F4xx_HAL_Driver/Src/stm32f4xx_hal_gpio.o
                0x0000000008002368                HAL_GPIO_ReadPin
 .text.HAL_GPIO_WritePin
                0x0000000008002398       0x32 ./Drivers/STM32F4xx_HAL_Driver/Src/stm32f4xx_hal_gpio.o
                0x0000000008002398                HAL_GPIO_WritePin
 *fill*         0x00000000080023ca        0x2 
 .text.HAL_RCC_OscConfig
                0x00000000080023cc      0x4f0 ./Drivers/STM32F4xx_HAL_Driver/Src/stm32f4xx_hal_rcc.o
                0x00000000080023cc                HAL_RCC_OscConfig
 .text.HAL_RCC_ClockConfig
                0x00000000080028bc      0x1cc ./Drivers/STM32F4xx_HAL_Driver/Src/stm32f4xx_hal_rcc.o
                0x00000000080028bc                HAL_RCC_ClockConfig
 .text.HAL_RCC_GetSysClockFreq
                0x0000000008002a88      0x18c ./Drivers/STM32F4xx_HAL_Driver/Src/stm32f4xx_hal_rcc.o
                0x0000000008002a88                HAL_RCC_GetSysClockFreq
 .text.HAL_TIM_Base_Init
                0x0000000008002c14       0x9e ./Drivers/STM32F4xx_HAL_Driver/Src/stm32f4xx_hal_tim.o
                0x0000000008002c14                HAL_TIM_Base_Init
 *fill*         0x0000000008002cb2        0x2 
 .text.HAL_TIM_Base_Start
                0x0000000008002cb4       0xd0 ./Drivers/STM32F4xx_HAL_Driver/Src/stm32f4xx_hal_tim.o
                0x0000000008002cb4                HAL_TIM_Base_Start
 .text.HAL_TIM_ConfigClockSource
                0x0000000008002d84      0x18e ./Drivers/STM32F4xx_HAL_Driver/Src/stm32f4xx_hal_tim.o
                0x0000000008002d84                HAL_TIM_ConfigClockSource
 *fill*         0x0000000008002f12        0x2 
 .text.TIM_Base_SetConfig
                0x0000000008002f14      0x140 ./Drivers/STM32F4xx_HAL_Driver/Src/stm32f4xx_hal_tim.o
                0x0000000008002f14                TIM_Base_SetConfig
 .text.TIM_TI1_ConfigInputStage
                0x0000000008003054       0x5e ./Drivers/STM32F4xx_HAL_Driver/Src/stm32f4xx_hal_tim.o
 .text.TIM_TI2_ConfigInputStage
                0x00000000080030b2       0x60 ./Drivers/STM32F4xx_HAL_Driver/Src/stm32f4xx_hal_tim.o
 .text.TIM_ITRx_SetConfig
                0x0000000008003112       0x36 ./Drivers/STM32F4xx_HAL_Driver/Src/stm32f4xx_hal_tim.o
 .text.TIM_ETR_SetConfig
                0x0000000008003148       0x40 ./Drivers/STM32F4xx_HAL_Driver/Src/stm32f4xx_hal_tim.o
                0x0000000008003148                TIM_ETR_SetConfig
 .text.HAL_TIMEx_MasterConfigSynchronization
                0x0000000008003188       0xf8 ./Drivers/STM32F4xx_HAL_Driver/Src/stm32f4xx_hal_tim_ex.o
                0x0000000008003188                HAL_TIMEx_MasterConfigSynchronization
 .text.__libc_init_array
                0x0000000008003280       0x48 c:/st/stm32cubeide_1.9.0/stm32cubeide/plugins/com.st.stm32cube.ide.mcu.externaltools.gnu-tools-for-stm32.10.3-2021.10.win32_1.0.0.202111181127/tools/bin/../lib/gcc/arm-none-eabi/10.3.1/../../../../arm-none-eabi/lib/thumb/v7e-m+fp/hard\libc_nano.a(lib_a-init.o)
                0x0000000008003280                __libc_init_array
 .text.memset   0x00000000080032c8       0x10 c:/st/stm32cubeide_1.9.0/stm32cubeide/plugins/com.st.stm32cube.ide.mcu.externaltools.gnu-tools-for-stm32.10.3-2021.10.win32_1.0.0.202111181127/tools/bin/../lib/gcc/arm-none-eabi/10.3.1/../../../../arm-none-eabi/lib/thumb/v7e-m+fp/hard\libc_nano.a(lib_a-memset.o)
                0x00000000080032c8                memset
 *(.glue_7)
 .glue_7        0x00000000080032d8        0x0 linker stubs
 *(.glue_7t)
 .glue_7t       0x00000000080032d8        0x0 linker stubs
 *(.eh_frame)
 .eh_frame      0x00000000080032d8        0x0 c:/st/stm32cubeide_1.9.0/stm32cubeide/plugins/com.st.stm32cube.ide.mcu.externaltools.gnu-tools-for-stm32.10.3-2021.10.win32_1.0.0.202111181127/tools/bin/../lib/gcc/arm-none-eabi/10.3.1/thumb/v7e-m+fp/hard/crtbegin.o
 *(.init)
 .init          0x00000000080032d8        0x4 c:/st/stm32cubeide_1.9.0/stm32cubeide/plugins/com.st.stm32cube.ide.mcu.externaltools.gnu-tools-for-stm32.10.3-2021.10.win32_1.0.0.202111181127/tools/bin/../lib/gcc/arm-none-eabi/10.3.1/thumb/v7e-m+fp/hard/crti.o
                0x00000000080032d8                _init
 .init          0x00000000080032dc        0x8 c:/st/stm32cubeide_1.9.0/stm32cubeide/plugins/com.st.stm32cube.ide.mcu.externaltools.gnu-tools-for-stm32.10.3-2021.10.win32_1.0.0.202111181127/tools/bin/../lib/gcc/arm-none-eabi/10.3.1/thumb/v7e-m+fp/hard/crtn.o
 *(.fini)
 .fini          0x00000000080032e4        0x4 c:/st/stm32cubeide_1.9.0/stm32cubeide/plugins/com.st.stm32cube.ide.mcu.externaltools.gnu-tools-for-stm32.10.3-2021.10.win32_1.0.0.202111181127/tools/bin/../lib/gcc/arm-none-eabi/10.3.1/thumb/v7e-m+fp/hard/crti.o
                0x00000000080032e4                _fini
 .fini          0x00000000080032e8        0x8 c:/st/stm32cubeide_1.9.0/stm32cubeide/plugins/com.st.stm32cube.ide.mcu.externaltools.gnu-tools-for-stm32.10.3-2021.10.win32_1.0.0.202111181127/tools/bin/../lib/gcc/arm-none-eabi/10.3.1/thumb/v7e-m+fp/hard/crtn.o
                0x00000000080032f0                . = ALIGN (0x4)
                0x00000000080032f0                _etext = .

.vfp11_veneer   0x00000000080032f0        0x0
 .vfp11_veneer  0x00000000080032f0        0x0 linker stubs

.v4_bx          0x00000000080032f0        0x0
 .v4_bx         0x00000000080032f0        0x0 linker stubs

.iplt           0x00000000080032f0        0x0
 .iplt          0x00000000080032f0        0x0 c:/st/stm32cubeide_1.9.0/stm32cubeide/plugins/com.st.stm32cube.ide.mcu.externaltools.gnu-tools-for-stm32.10.3-2021.10.win32_1.0.0.202111181127/tools/bin/../lib/gcc/arm-none-eabi/10.3.1/thumb/v7e-m+fp/hard/crtbegin.o

.rodata         0x00000000080032f0       0x10
                0x00000000080032f0                . = ALIGN (0x4)
 *(.rodata)
 *(.rodata*)
 .rodata.AHBPrescTable
                0x00000000080032f0       0x10 ./Core/Src/system_stm32f4xx.o
                0x00000000080032f0                AHBPrescTable
                0x0000000008003300                . = ALIGN (0x4)

.ARM.extab      0x0000000008003300        0x0
                0x0000000008003300                . = ALIGN (0x4)
 *(.ARM.extab* .gnu.linkonce.armextab.*)
                0x0000000008003300                . = ALIGN (0x4)

.ARM            0x0000000008003300        0x8
                0x0000000008003300                . = ALIGN (0x4)
                0x0000000008003300                __exidx_start = .
 *(.ARM.exidx*)
 .ARM.exidx     0x0000000008003300        0x8 c:/st/stm32cubeide_1.9.0/stm32cubeide/plugins/com.st.stm32cube.ide.mcu.externaltools.gnu-tools-for-stm32.10.3-2021.10.win32_1.0.0.202111181127/tools/bin/../lib/gcc/arm-none-eabi/10.3.1/thumb/v7e-m+fp/hard\libgcc.a(_udivmoddi4.o)
                0x0000000008003308                __exidx_end = .
                0x0000000008003308                . = ALIGN (0x4)

.rel.dyn        0x0000000008003308        0x0
 .rel.iplt      0x0000000008003308        0x0 c:/st/stm32cubeide_1.9.0/stm32cubeide/plugins/com.st.stm32cube.ide.mcu.externaltools.gnu-tools-for-stm32.10.3-2021.10.win32_1.0.0.202111181127/tools/bin/../lib/gcc/arm-none-eabi/10.3.1/thumb/v7e-m+fp/hard/crtbegin.o

.preinit_array  0x0000000008003308        0x0
                0x0000000008003308                . = ALIGN (0x4)
                0x0000000008003308                PROVIDE (__preinit_array_start = .)
 *(.preinit_array*)
                0x0000000008003308                PROVIDE (__preinit_array_end = .)
                0x0000000008003308                . = ALIGN (0x4)

.init_array     0x0000000008003308        0x4
                0x0000000008003308                . = ALIGN (0x4)
                0x0000000008003308                PROVIDE (__init_array_start = .)
 *(SORT_BY_NAME(.init_array.*))
 *(.init_array*)
 .init_array    0x0000000008003308        0x4 c:/st/stm32cubeide_1.9.0/stm32cubeide/plugins/com.st.stm32cube.ide.mcu.externaltools.gnu-tools-for-stm32.10.3-2021.10.win32_1.0.0.202111181127/tools/bin/../lib/gcc/arm-none-eabi/10.3.1/thumb/v7e-m+fp/hard/crtbegin.o
                0x000000000800330c                PROVIDE (__init_array_end = .)
                0x000000000800330c                . = ALIGN (0x4)

.fini_array     0x000000000800330c        0x4
                0x000000000800330c                . = ALIGN (0x4)
                [!provide]                        PROVIDE (__fini_array_start = .)
 *(SORT_BY_NAME(.fini_array.*))
 *(.fini_array*)
 .fini_array    0x000000000800330c        0x4 c:/st/stm32cubeide_1.9.0/stm32cubeide/plugins/com.st.stm32cube.ide.mcu.externaltools.gnu-tools-for-stm32.10.3-2021.10.win32_1.0.0.202111181127/tools/bin/../lib/gcc/arm-none-eabi/10.3.1/thumb/v7e-m+fp/hard/crtbegin.o
                [!provide]                        PROVIDE (__fini_array_end = .)
                0x0000000008003310                . = ALIGN (0x4)
                0x0000000008003310                _sidata = LOADADDR (.data)

.data           0x0000000020000000        0xc load address 0x0000000008003310
                0x0000000020000000                . = ALIGN (0x4)
                0x0000000020000000                _sdata = .
 *(.data)
 *(.data*)
 .data.SystemCoreClock
                0x0000000020000000        0x4 ./Core/Src/system_stm32f4xx.o
                0x0000000020000000                SystemCoreClock
 .data.uwTickPrio
                0x0000000020000004        0x4 ./Drivers/STM32F4xx_HAL_Driver/Src/stm32f4xx_hal.o
                0x0000000020000004                uwTickPrio
 .data.uwTickFreq
                0x0000000020000008        0x1 ./Drivers/STM32F4xx_HAL_Driver/Src/stm32f4xx_hal.o
                0x0000000020000008                uwTickFreq
 *(.RamFunc)
 *(.RamFunc*)
                0x000000002000000c                . = ALIGN (0x4)
 *fill*         0x0000000020000009        0x3 
                0x000000002000000c                _edata = .
                0x000000000800331c                _siccmram = LOADADDR (.ccmram)

.igot.plt       0x000000002000000c        0x0 load address 0x000000000800331c
 .igot.plt      0x000000002000000c        0x0 c:/st/stm32cubeide_1.9.0/stm32cubeide/plugins/com.st.stm32cube.ide.mcu.externaltools.gnu-tools-for-stm32.10.3-2021.10.win32_1.0.0.202111181127/tools/bin/../lib/gcc/arm-none-eabi/10.3.1/thumb/v7e-m+fp/hard/crtbegin.o

.ccmram         0x0000000010000000        0x0 load address 0x000000000800331c
                0x0000000010000000                . = ALIGN (0x4)
                0x0000000010000000                _sccmram = .
 *(.ccmram)
 *(.ccmram*)
                0x0000000010000000                . = ALIGN (0x4)
                0x0000000010000000                _eccmram = .
                0x0000000010000000                . = ALIGN (0x4)

.bss            0x000000002000000c       0xcc
                0x000000002000000c                _sbss = .
                0x000000002000000c                __bss_start__ = _sbss
 *(.bss)
 .bss           0x000000002000000c       0x1c c:/st/stm32cubeide_1.9.0/stm32cubeide/plugins/com.st.stm32cube.ide.mcu.externaltools.gnu-tools-for-stm32.10.3-2021.10.win32_1.0.0.202111181127/tools/bin/../lib/gcc/arm-none-eabi/10.3.1/thumb/v7e-m+fp/hard/crtbegin.o
 *(.bss*)
 .bss.hadc1     0x0000000020000028       0x48 ./Core/Src/main.o
                0x0000000020000028                hadc1
 .bss.htim1     0x0000000020000070       0x48 ./Core/Src/main.o
                0x0000000020000070                htim1
 .bss.RHI       0x00000000200000b8        0x1 ./Core/Src/main.o
                0x00000000200000b8                RHI
 .bss.RHD       0x00000000200000b9        0x1 ./Core/Src/main.o
                0x00000000200000b9                RHD
 .bss.TCI       0x00000000200000ba        0x1 ./Core/Src/main.o
                0x00000000200000ba                TCI
 .bss.TCD       0x00000000200000bb        0x1 ./Core/Src/main.o
                0x00000000200000bb                TCD
 .bss.SUM       0x00000000200000bc        0x1 ./Core/Src/main.o
                0x00000000200000bc                SUM
 *fill*         0x00000000200000bd        0x3 
 .bss.pMillis   0x00000000200000c0        0x4 ./Core/Src/main.o
                0x00000000200000c0                pMillis
 .bss.cMillis   0x00000000200000c4        0x4 ./Core/Src/main.o
                0x00000000200000c4                cMillis
 .bss.tCelsius  0x00000000200000c8        0x4 ./Core/Src/main.o
                0x00000000200000c8                tCelsius
 .bss.tFahrenheit
                0x00000000200000cc        0x4 ./Core/Src/main.o
                0x00000000200000cc                tFahrenheit
 .bss.RH        0x00000000200000d0        0x4 ./Core/Src/main.o
                0x00000000200000d0                RH
 .bss.uwTick    0x00000000200000d4        0x4 ./Drivers/STM32F4xx_HAL_Driver/Src/stm32f4xx_hal.o
                0x00000000200000d4                uwTick
 *(COMMON)
                0x00000000200000d8                . = ALIGN (0x4)
                0x00000000200000d8                _ebss = .
                0x00000000200000d8                __bss_end__ = _ebss

._user_heap_stack
                0x00000000200000d8      0x600
                0x00000000200000d8                . = ALIGN (0x8)
                [!provide]                        PROVIDE (end = .)
                0x00000000200000d8                PROVIDE (_end = .)
                0x00000000200002d8                . = (. + _Min_Heap_Size)
 *fill*         0x00000000200000d8      0x200 
                0x00000000200006d8                . = (. + _Min_Stack_Size)
 *fill*         0x00000000200002d8      0x400 
                0x00000000200006d8                . = ALIGN (0x8)

/DISCARD/
 libc.a(*)
 libm.a(*)
 libgcc.a(*)

.ARM.attributes
                0x0000000000000000       0x30
 *(.ARM.attributes)
 .ARM.attributes
                0x0000000000000000       0x1e c:/st/stm32cubeide_1.9.0/stm32cubeide/plugins/com.st.stm32cube.ide.mcu.externaltools.gnu-tools-for-stm32.10.3-2021.10.win32_1.0.0.202111181127/tools/bin/../lib/gcc/arm-none-eabi/10.3.1/thumb/v7e-m+fp/hard/crti.o
 .ARM.attributes
                0x000000000000001e       0x34 c:/st/stm32cubeide_1.9.0/stm32cubeide/plugins/com.st.stm32cube.ide.mcu.externaltools.gnu-tools-for-stm32.10.3-2021.10.win32_1.0.0.202111181127/tools/bin/../lib/gcc/arm-none-eabi/10.3.1/thumb/v7e-m+fp/hard/crtbegin.o
 .ARM.attributes
                0x0000000000000052       0x34 ./Core/Src/main.o
 .ARM.attributes
                0x0000000000000086       0x34 ./Core/Src/stm32f4xx_hal_msp.o
 .ARM.attributes
                0x00000000000000ba       0x34 ./Core/Src/stm32f4xx_it.o
 .ARM.attributes
                0x00000000000000ee       0x34 ./Core/Src/system_stm32f4xx.o
 .ARM.attributes
                0x0000000000000122       0x21 ./Core/Startup/startup_stm32f407vgtx.o
 .ARM.attributes
                0x0000000000000143       0x34 ./Drivers/STM32F4xx_HAL_Driver/Src/stm32f4xx_hal.o
 .ARM.attributes
                0x0000000000000177       0x34 ./Drivers/STM32F4xx_HAL_Driver/Src/stm32f4xx_hal_adc.o
 .ARM.attributes
                0x00000000000001ab       0x34 ./Drivers/STM32F4xx_HAL_Driver/Src/stm32f4xx_hal_cortex.o
 .ARM.attributes
                0x00000000000001df       0x34 ./Drivers/STM32F4xx_HAL_Driver/Src/stm32f4xx_hal_gpio.o
 .ARM.attributes
                0x0000000000000213       0x34 ./Drivers/STM32F4xx_HAL_Driver/Src/stm32f4xx_hal_rcc.o
 .ARM.attributes
                0x0000000000000247       0x34 ./Drivers/STM32F4xx_HAL_Driver/Src/stm32f4xx_hal_tim.o
 .ARM.attributes
                0x000000000000027b       0x34 ./Drivers/STM32F4xx_HAL_Driver/Src/stm32f4xx_hal_tim_ex.o
 .ARM.attributes
                0x00000000000002af       0x34 c:/st/stm32cubeide_1.9.0/stm32cubeide/plugins/com.st.stm32cube.ide.mcu.externaltools.gnu-tools-for-stm32.10.3-2021.10.win32_1.0.0.202111181127/tools/bin/../lib/gcc/arm-none-eabi/10.3.1/../../../../arm-none-eabi/lib/thumb/v7e-m+fp/hard\libc_nano.a(lib_a-init.o)
 .ARM.attributes
                0x00000000000002e3       0x34 c:/st/stm32cubeide_1.9.0/stm32cubeide/plugins/com.st.stm32cube.ide.mcu.externaltools.gnu-tools-for-stm32.10.3-2021.10.win32_1.0.0.202111181127/tools/bin/../lib/gcc/arm-none-eabi/10.3.1/../../../../arm-none-eabi/lib/thumb/v7e-m+fp/hard\libc_nano.a(lib_a-memset.o)
 .ARM.attributes
                0x0000000000000317       0x1e c:/st/stm32cubeide_1.9.0/stm32cubeide/plugins/com.st.stm32cube.ide.mcu.externaltools.gnu-tools-for-stm32.10.3-2021.10.win32_1.0.0.202111181127/tools/bin/../lib/gcc/arm-none-eabi/10.3.1/thumb/v7e-m+fp/hard\libgcc.a(_arm_addsubdf3.o)
 .ARM.attributes
                0x0000000000000335       0x1e c:/st/stm32cubeide_1.9.0/stm32cubeide/plugins/com.st.stm32cube.ide.mcu.externaltools.gnu-tools-for-stm32.10.3-2021.10.win32_1.0.0.202111181127/tools/bin/../lib/gcc/arm-none-eabi/10.3.1/thumb/v7e-m+fp/hard\libgcc.a(_arm_muldivdf3.o)
 .ARM.attributes
                0x0000000000000353       0x1e c:/st/stm32cubeide_1.9.0/stm32cubeide/plugins/com.st.stm32cube.ide.mcu.externaltools.gnu-tools-for-stm32.10.3-2021.10.win32_1.0.0.202111181127/tools/bin/../lib/gcc/arm-none-eabi/10.3.1/thumb/v7e-m+fp/hard\libgcc.a(_arm_truncdfsf2.o)
 .ARM.attributes
                0x0000000000000371       0x1e c:/st/stm32cubeide_1.9.0/stm32cubeide/plugins/com.st.stm32cube.ide.mcu.externaltools.gnu-tools-for-stm32.10.3-2021.10.win32_1.0.0.202111181127/tools/bin/../lib/gcc/arm-none-eabi/10.3.1/thumb/v7e-m+fp/hard\libgcc.a(_aeabi_uldivmod.o)
 .ARM.attributes
                0x000000000000038f       0x34 c:/st/stm32cubeide_1.9.0/stm32cubeide/plugins/com.st.stm32cube.ide.mcu.externaltools.gnu-tools-for-stm32.10.3-2021.10.win32_1.0.0.202111181127/tools/bin/../lib/gcc/arm-none-eabi/10.3.1/thumb/v7e-m+fp/hard\libgcc.a(_udivmoddi4.o)
 .ARM.attributes
                0x00000000000003c3       0x1e c:/st/stm32cubeide_1.9.0/stm32cubeide/plugins/com.st.stm32cube.ide.mcu.externaltools.gnu-tools-for-stm32.10.3-2021.10.win32_1.0.0.202111181127/tools/bin/../lib/gcc/arm-none-eabi/10.3.1/thumb/v7e-m+fp/hard\libgcc.a(_dvmd_tls.o)
 .ARM.attributes
                0x00000000000003e1       0x1e c:/st/stm32cubeide_1.9.0/stm32cubeide/plugins/com.st.stm32cube.ide.mcu.externaltools.gnu-tools-for-stm32.10.3-2021.10.win32_1.0.0.202111181127/tools/bin/../lib/gcc/arm-none-eabi/10.3.1/thumb/v7e-m+fp/hard/crtn.o
OUTPUT(controle_iluminacao_temperatura.elf elf32-littlearm)
LOAD linker stubs
LOAD c:/st/stm32cubeide_1.9.0/stm32cubeide/plugins/com.st.stm32cube.ide.mcu.externaltools.gnu-tools-for-stm32.10.3-2021.10.win32_1.0.0.202111181127/tools/bin/../lib/gcc/arm-none-eabi/10.3.1/../../../../arm-none-eabi/lib/thumb/v7e-m+fp/hard\libc.a
LOAD c:/st/stm32cubeide_1.9.0/stm32cubeide/plugins/com.st.stm32cube.ide.mcu.externaltools.gnu-tools-for-stm32.10.3-2021.10.win32_1.0.0.202111181127/tools/bin/../lib/gcc/arm-none-eabi/10.3.1/../../../../arm-none-eabi/lib/thumb/v7e-m+fp/hard\libm.a
LOAD c:/st/stm32cubeide_1.9.0/stm32cubeide/plugins/com.st.stm32cube.ide.mcu.externaltools.gnu-tools-for-stm32.10.3-2021.10.win32_1.0.0.202111181127/tools/bin/../lib/gcc/arm-none-eabi/10.3.1/thumb/v7e-m+fp/hard\libgcc.a

.debug_info     0x0000000000000000     0x9e17
 .debug_info    0x0000000000000000     0x1315 ./Core/Src/main.o
 .debug_info    0x0000000000001315      0xd27 ./Core/Src/stm32f4xx_hal_msp.o
 .debug_info    0x000000000000203c      0x121 ./Core/Src/stm32f4xx_it.o
 .debug_info    0x000000000000215d      0x523 ./Core/Src/system_stm32f4xx.o
 .debug_info    0x0000000000002680       0x22 ./Core/Startup/startup_stm32f407vgtx.o
 .debug_info    0x00000000000026a2      0x97c ./Drivers/STM32F4xx_HAL_Driver/Src/stm32f4xx_hal.o
 .debug_info    0x000000000000301e      0xd70 ./Drivers/STM32F4xx_HAL_Driver/Src/stm32f4xx_hal_adc.o
 .debug_info    0x0000000000003d8e      0xe1b ./Drivers/STM32F4xx_HAL_Driver/Src/stm32f4xx_hal_cortex.o
 .debug_info    0x0000000000004ba9      0x76a ./Drivers/STM32F4xx_HAL_Driver/Src/stm32f4xx_hal_gpio.o
 .debug_info    0x0000000000005313      0x966 ./Drivers/STM32F4xx_HAL_Driver/Src/stm32f4xx_hal_rcc.o
 .debug_info    0x0000000000005c79     0x2bbe ./Drivers/STM32F4xx_HAL_Driver/Src/stm32f4xx_hal_tim.o
 .debug_info    0x0000000000008837     0x15e0 ./Drivers/STM32F4xx_HAL_Driver/Src/stm32f4xx_hal_tim_ex.o

.debug_abbrev   0x0000000000000000     0x16a0
 .debug_abbrev  0x0000000000000000      0x2aa ./Core/Src/main.o
 .debug_abbrev  0x00000000000002aa      0x1c3 ./Core/Src/stm32f4xx_hal_msp.o
 .debug_abbrev  0x000000000000046d       0x74 ./Core/Src/stm32f4xx_it.o
 .debug_abbrev  0x00000000000004e1      0x116 ./Core/Src/system_stm32f4xx.o
 .debug_abbrev  0x00000000000005f7       0x12 ./Core/Startup/startup_stm32f407vgtx.o
 .debug_abbrev  0x0000000000000609      0x20d ./Drivers/STM32F4xx_HAL_Driver/Src/stm32f4xx_hal.o
 .debug_abbrev  0x0000000000000816      0x244 ./Drivers/STM32F4xx_HAL_Driver/Src/stm32f4xx_hal_adc.o
 .debug_abbrev  0x0000000000000a5a      0x316 ./Drivers/STM32F4xx_HAL_Driver/Src/stm32f4xx_hal_cortex.o
 .debug_abbrev  0x0000000000000d70      0x1c4 ./Drivers/STM32F4xx_HAL_Driver/Src/stm32f4xx_hal_gpio.o
 .debug_abbrev  0x0000000000000f34      0x2aa ./Drivers/STM32F4xx_HAL_Driver/Src/stm32f4xx_hal_rcc.o
 .debug_abbrev  0x00000000000011de      0x25d ./Drivers/STM32F4xx_HAL_Driver/Src/stm32f4xx_hal_tim.o
 .debug_abbrev  0x000000000000143b      0x265 ./Drivers/STM32F4xx_HAL_Driver/Src/stm32f4xx_hal_tim_ex.o

.debug_aranges  0x0000000000000000      0xa58
 .debug_aranges
                0x0000000000000000       0x60 ./Core/Src/main.o
 .debug_aranges
                0x0000000000000060       0x40 ./Core/Src/stm32f4xx_hal_msp.o
 .debug_aranges
                0x00000000000000a0       0x60 ./Core/Src/stm32f4xx_it.o
 .debug_aranges
                0x0000000000000100       0x28 ./Core/Src/system_stm32f4xx.o
 .debug_aranges
                0x0000000000000128       0x28 ./Core/Startup/startup_stm32f407vgtx.o
 .debug_aranges
                0x0000000000000150       0xf0 ./Drivers/STM32F4xx_HAL_Driver/Src/stm32f4xx_hal.o
 .debug_aranges
                0x0000000000000240       0xe8 ./Drivers/STM32F4xx_HAL_Driver/Src/stm32f4xx_hal_adc.o
 .debug_aranges
                0x0000000000000328      0x118 ./Drivers/STM32F4xx_HAL_Driver/Src/stm32f4xx_hal_cortex.o
 .debug_aranges
                0x0000000000000440       0x58 ./Drivers/STM32F4xx_HAL_Driver/Src/stm32f4xx_hal_gpio.o
 .debug_aranges
                0x0000000000000498       0x88 ./Drivers/STM32F4xx_HAL_Driver/Src/stm32f4xx_hal_rcc.o
 .debug_aranges
                0x0000000000000520      0x3d0 ./Drivers/STM32F4xx_HAL_Driver/Src/stm32f4xx_hal_tim.o
 .debug_aranges
                0x00000000000008f0      0x168 ./Drivers/STM32F4xx_HAL_Driver/Src/stm32f4xx_hal_tim_ex.o

.debug_ranges   0x0000000000000000      0x9a0
 .debug_ranges  0x0000000000000000       0x50 ./Core/Src/main.o
 .debug_ranges  0x0000000000000050       0x30 ./Core/Src/stm32f4xx_hal_msp.o
 .debug_ranges  0x0000000000000080       0x50 ./Core/Src/stm32f4xx_it.o
 .debug_ranges  0x00000000000000d0       0x18 ./Core/Src/system_stm32f4xx.o
 .debug_ranges  0x00000000000000e8       0x20 ./Core/Startup/startup_stm32f407vgtx.o
 .debug_ranges  0x0000000000000108       0xe0 ./Drivers/STM32F4xx_HAL_Driver/Src/stm32f4xx_hal.o
 .debug_ranges  0x00000000000001e8       0xd8 ./Drivers/STM32F4xx_HAL_Driver/Src/stm32f4xx_hal_adc.o
 .debug_ranges  0x00000000000002c0      0x108 ./Drivers/STM32F4xx_HAL_Driver/Src/stm32f4xx_hal_cortex.o
 .debug_ranges  0x00000000000003c8       0x48 ./Drivers/STM32F4xx_HAL_Driver/Src/stm32f4xx_hal_gpio.o
 .debug_ranges  0x0000000000000410       0x78 ./Drivers/STM32F4xx_HAL_Driver/Src/stm32f4xx_hal_rcc.o
 .debug_ranges  0x0000000000000488      0x3c0 ./Drivers/STM32F4xx_HAL_Driver/Src/stm32f4xx_hal_tim.o
 .debug_ranges  0x0000000000000848      0x158 ./Drivers/STM32F4xx_HAL_Driver/Src/stm32f4xx_hal_tim_ex.o

.debug_macro    0x0000000000000000    0x20f7a
 .debug_macro   0x0000000000000000      0x202 ./Core/Src/main.o
 .debug_macro   0x0000000000000202      0xa78 ./Core/Src/main.o
 .debug_macro   0x0000000000000c7a      0x29b ./Core/Src/main.o
 .debug_macro   0x0000000000000f15       0x2e ./Core/Src/main.o
 .debug_macro   0x0000000000000f43       0x2f ./Core/Src/main.o
 .debug_macro   0x0000000000000f72       0x22 ./Core/Src/main.o
 .debug_macro   0x0000000000000f94       0x8e ./Core/Src/main.o
 .debug_macro   0x0000000000001022       0x51 ./Core/Src/main.o
 .debug_macro   0x0000000000001073      0x103 ./Core/Src/main.o
 .debug_macro   0x0000000000001176       0x6a ./Core/Src/main.o
 .debug_macro   0x00000000000011e0      0x1df ./Core/Src/main.o
 .debug_macro   0x00000000000013bf       0x1c ./Core/Src/main.o
 .debug_macro   0x00000000000013db       0x22 ./Core/Src/main.o
 .debug_macro   0x00000000000013fd       0xd9 ./Core/Src/main.o
 .debug_macro   0x00000000000014d6     0x102d ./Core/Src/main.o
 .debug_macro   0x0000000000002503      0x11f ./Core/Src/main.o
 .debug_macro   0x0000000000002622    0x15e82 ./Core/Src/main.o
 .debug_macro   0x00000000000184a4       0x6d ./Core/Src/main.o
 .debug_macro   0x0000000000018511     0x367e ./Core/Src/main.o
 .debug_macro   0x000000000001bb8f      0x174 ./Core/Src/main.o
 .debug_macro   0x000000000001bd03       0x5c ./Core/Src/main.o
 .debug_macro   0x000000000001bd5f      0x96b ./Core/Src/main.o
 .debug_macro   0x000000000001c6ca      0x9fe ./Core/Src/main.o
 .debug_macro   0x000000000001d0c8      0x115 ./Core/Src/main.o
 .debug_macro   0x000000000001d1dd      0x13e ./Core/Src/main.o
 .debug_macro   0x000000000001d31b       0xa5 ./Core/Src/main.o
 .debug_macro   0x000000000001d3c0      0x174 ./Core/Src/main.o
 .debug_macro   0x000000000001d534      0x287 ./Core/Src/main.o
 .debug_macro   0x000000000001d7bb       0x5f ./Core/Src/main.o
 .debug_macro   0x000000000001d81a      0x236 ./Core/Src/main.o
 .debug_macro   0x000000000001da50      0xb5b ./Core/Src/main.o
 .debug_macro   0x000000000001e5ab      0x38b ./Core/Src/main.o
 .debug_macro   0x000000000001e936      0x176 ./Core/Src/main.o
 .debug_macro   0x000000000001eaac       0xf9 ./Core/Src/main.o
 .debug_macro   0x000000000001eba5      0x12c ./Core/Src/main.o
 .debug_macro   0x000000000001ecd1      0x21e ./Core/Src/main.o
 .debug_macro   0x000000000001eeef       0x2e ./Core/Src/main.o
 .debug_macro   0x000000000001ef1d      0x11a ./Core/Src/main.o
 .debug_macro   0x000000000001f037       0x7e ./Core/Src/main.o
 .debug_macro   0x000000000001f0b5       0x89 ./Core/Src/main.o
 .debug_macro   0x000000000001f13e      0x8e6 ./Core/Src/main.o
 .debug_macro   0x000000000001fa24       0x47 ./Core/Src/main.o
 .debug_macro   0x000000000001fa6b      0x12d ./Core/Src/main.o
 .debug_macro   0x000000000001fb98      0x1f6 ./Core/Src/stm32f4xx_hal_msp.o
 .debug_macro   0x000000000001fd8e      0x200 ./Core/Src/stm32f4xx_it.o
 .debug_macro   0x000000000001ff8e      0x1ec ./Core/Src/system_stm32f4xx.o
 .debug_macro   0x000000000002017a      0x24c ./Drivers/STM32F4xx_HAL_Driver/Src/stm32f4xx_hal.o
 .debug_macro   0x00000000000203c6      0x1ed ./Drivers/STM32F4xx_HAL_Driver/Src/stm32f4xx_hal_adc.o
 .debug_macro   0x00000000000205b3      0x1ec ./Drivers/STM32F4xx_HAL_Driver/Src/stm32f4xx_hal_cortex.o
 .debug_macro   0x000000000002079f      0x1f2 ./Drivers/STM32F4xx_HAL_Driver/Src/stm32f4xx_hal_gpio.o
 .debug_macro   0x0000000000020991      0x210 ./Drivers/STM32F4xx_HAL_Driver/Src/stm32f4xx_hal_rcc.o
 .debug_macro   0x0000000000020ba1      0x1ed ./Drivers/STM32F4xx_HAL_Driver/Src/stm32f4xx_hal_tim.o
 .debug_macro   0x0000000000020d8e      0x1ec ./Drivers/STM32F4xx_HAL_Driver/Src/stm32f4xx_hal_tim_ex.o

.debug_line     0x0000000000000000     0xb2b8
 .debug_line    0x0000000000000000      0xa14 ./Core/Src/main.o
 .debug_line    0x0000000000000a14      0x765 ./Core/Src/stm32f4xx_hal_msp.o
 .debug_line    0x0000000000001179      0x7a9 ./Core/Src/stm32f4xx_it.o
 .debug_line    0x0000000000001922      0x768 ./Core/Src/system_stm32f4xx.o
 .debug_line    0x000000000000208a       0x88 ./Core/Startup/startup_stm32f407vgtx.o
 .debug_line    0x0000000000002112      0x9ce ./Drivers/STM32F4xx_HAL_Driver/Src/stm32f4xx_hal.o
 .debug_line    0x0000000000002ae0     0x1244 ./Drivers/STM32F4xx_HAL_Driver/Src/stm32f4xx_hal_adc.o
 .debug_line    0x0000000000003d24      0xc7d ./Drivers/STM32F4xx_HAL_Driver/Src/stm32f4xx_hal_cortex.o
 .debug_line    0x00000000000049a1      0xb42 ./Drivers/STM32F4xx_HAL_Driver/Src/stm32f4xx_hal_gpio.o
 .debug_line    0x00000000000054e3      0xd48 ./Drivers/STM32F4xx_HAL_Driver/Src/stm32f4xx_hal_rcc.o
 .debug_line    0x000000000000622b     0x36c2 ./Drivers/STM32F4xx_HAL_Driver/Src/stm32f4xx_hal_tim.o
 .debug_line    0x00000000000098ed     0x19cb ./Drivers/STM32F4xx_HAL_Driver/Src/stm32f4xx_hal_tim_ex.o

.debug_str      0x0000000000000000    0xd1075
 .debug_str     0x0000000000000000    0xce765 ./Core/Src/main.o
                                      0xceac7 (size before relaxing)
 .debug_str     0x00000000000ce765       0x99 ./Core/Src/stm32f4xx_hal_msp.o
                                      0xce6ba (size before relaxing)
 .debug_str     0x00000000000ce7fe       0xc9 ./Core/Src/stm32f4xx_it.o
                                      0xcdea2 (size before relaxing)
 .debug_str     0x00000000000ce8c7       0xdb ./Core/Src/system_stm32f4xx.o
                                      0xcdfcc (size before relaxing)
 .debug_str     0x00000000000ce9a2       0x36 ./Core/Startup/startup_stm32f407vgtx.o
                                         0x9d (size before relaxing)
 .debug_str     0x00000000000ce9d8      0xaf1 ./Drivers/STM32F4xx_HAL_Driver/Src/stm32f4xx_hal.o
                                      0xceb50 (size before relaxing)
 .debug_str     0x00000000000cf4c9      0x29a ./Drivers/STM32F4xx_HAL_Driver/Src/stm32f4xx_hal_adc.o
                                      0xce5b9 (size before relaxing)
 .debug_str     0x00000000000cf763      0x352 ./Drivers/STM32F4xx_HAL_Driver/Src/stm32f4xx_hal_cortex.o
                                      0xce883 (size before relaxing)
 .debug_str     0x00000000000cfab5      0x110 ./Drivers/STM32F4xx_HAL_Driver/Src/stm32f4xx_hal_gpio.o
                                      0xce147 (size before relaxing)
 .debug_str     0x00000000000cfbc5      0x233 ./Drivers/STM32F4xx_HAL_Driver/Src/stm32f4xx_hal_rcc.o
                                      0xce400 (size before relaxing)
 .debug_str     0x00000000000cfdf8      0xdea ./Drivers/STM32F4xx_HAL_Driver/Src/stm32f4xx_hal_tim.o
                                      0xcf346 (size before relaxing)
 .debug_str     0x00000000000d0be2      0x493 ./Drivers/STM32F4xx_HAL_Driver/Src/stm32f4xx_hal_tim_ex.o
                                      0xceb62 (size before relaxing)

.comment        0x0000000000000000       0x50
 .comment       0x0000000000000000       0x50 ./Core/Src/main.o
                                         0x51 (size before relaxing)
 .comment       0x0000000000000050       0x51 ./Core/Src/stm32f4xx_hal_msp.o
 .comment       0x0000000000000050       0x51 ./Core/Src/stm32f4xx_it.o
 .comment       0x0000000000000050       0x51 ./Core/Src/system_stm32f4xx.o
 .comment       0x0000000000000050       0x51 ./Drivers/STM32F4xx_HAL_Driver/Src/stm32f4xx_hal.o
 .comment       0x0000000000000050       0x51 ./Drivers/STM32F4xx_HAL_Driver/Src/stm32f4xx_hal_adc.o
 .comment       0x0000000000000050       0x51 ./Drivers/STM32F4xx_HAL_Driver/Src/stm32f4xx_hal_cortex.o
 .comment       0x0000000000000050       0x51 ./Drivers/STM32F4xx_HAL_Driver/Src/stm32f4xx_hal_gpio.o
 .comment       0x0000000000000050       0x51 ./Drivers/STM32F4xx_HAL_Driver/Src/stm32f4xx_hal_rcc.o
 .comment       0x0000000000000050       0x51 ./Drivers/STM32F4xx_HAL_Driver/Src/stm32f4xx_hal_tim.o
 .comment       0x0000000000000050       0x51 ./Drivers/STM32F4xx_HAL_Driver/Src/stm32f4xx_hal_tim_ex.o

.debug_frame    0x0000000000000000     0x2c8c
 .debug_frame   0x0000000000000000      0x150 ./Core/Src/main.o
 .debug_frame   0x0000000000000150       0xd0 ./Core/Src/stm32f4xx_hal_msp.o
 .debug_frame   0x0000000000000220      0x104 ./Core/Src/stm32f4xx_it.o
 .debug_frame   0x0000000000000324       0x58 ./Core/Src/system_stm32f4xx.o
 .debug_frame   0x000000000000037c      0x374 ./Drivers/STM32F4xx_HAL_Driver/Src/stm32f4xx_hal.o
 .debug_frame   0x00000000000006f0      0x3fc ./Drivers/STM32F4xx_HAL_Driver/Src/stm32f4xx_hal_adc.o
 .debug_frame   0x0000000000000aec      0x498 ./Drivers/STM32F4xx_HAL_Driver/Src/stm32f4xx_hal_cortex.o
 .debug_frame   0x0000000000000f84      0x14c ./Drivers/STM32F4xx_HAL_Driver/Src/stm32f4xx_hal_gpio.o
 .debug_frame   0x00000000000010d0      0x1f4 ./Drivers/STM32F4xx_HAL_Driver/Src/stm32f4xx_hal_rcc.o
 .debug_frame   0x00000000000012c4     0x11c4 ./Drivers/STM32F4xx_HAL_Driver/Src/stm32f4xx_hal_tim.o
 .debug_frame   0x0000000000002488      0x638 ./Drivers/STM32F4xx_HAL_Driver/Src/stm32f4xx_hal_tim_ex.o
 .debug_frame   0x0000000000002ac0       0x2c c:/st/stm32cubeide_1.9.0/stm32cubeide/plugins/com.st.stm32cube.ide.mcu.externaltools.gnu-tools-for-stm32.10.3-2021.10.win32_1.0.0.202111181127/tools/bin/../lib/gcc/arm-none-eabi/10.3.1/../../../../arm-none-eabi/lib/thumb/v7e-m+fp/hard\libc_nano.a(lib_a-init.o)
 .debug_frame   0x0000000000002aec       0x20 c:/st/stm32cubeide_1.9.0/stm32cubeide/plugins/com.st.stm32cube.ide.mcu.externaltools.gnu-tools-for-stm32.10.3-2021.10.win32_1.0.0.202111181127/tools/bin/../lib/gcc/arm-none-eabi/10.3.1/../../../../arm-none-eabi/lib/thumb/v7e-m+fp/hard\libc_nano.a(lib_a-memset.o)
 .debug_frame   0x0000000000002b0c       0xac c:/st/stm32cubeide_1.9.0/stm32cubeide/plugins/com.st.stm32cube.ide.mcu.externaltools.gnu-tools-for-stm32.10.3-2021.10.win32_1.0.0.202111181127/tools/bin/../lib/gcc/arm-none-eabi/10.3.1/thumb/v7e-m+fp/hard\libgcc.a(_arm_addsubdf3.o)
 .debug_frame   0x0000000000002bb8       0x50 c:/st/stm32cubeide_1.9.0/stm32cubeide/plugins/com.st.stm32cube.ide.mcu.externaltools.gnu-tools-for-stm32.10.3-2021.10.win32_1.0.0.202111181127/tools/bin/../lib/gcc/arm-none-eabi/10.3.1/thumb/v7e-m+fp/hard\libgcc.a(_arm_muldivdf3.o)
 .debug_frame   0x0000000000002c08       0x24 c:/st/stm32cubeide_1.9.0/stm32cubeide/plugins/com.st.stm32cube.ide.mcu.externaltools.gnu-tools-for-stm32.10.3-2021.10.win32_1.0.0.202111181127/tools/bin/../lib/gcc/arm-none-eabi/10.3.1/thumb/v7e-m+fp/hard\libgcc.a(_arm_truncdfsf2.o)
 .debug_frame   0x0000000000002c2c       0x2c c:/st/stm32cubeide_1.9.0/stm32cubeide/plugins/com.st.stm32cube.ide.mcu.externaltools.gnu-tools-for-stm32.10.3-2021.10.win32_1.0.0.202111181127/tools/bin/../lib/gcc/arm-none-eabi/10.3.1/thumb/v7e-m+fp/hard\libgcc.a(_aeabi_uldivmod.o)
 .debug_frame   0x0000000000002c58       0x34 c:/st/stm32cubeide_1.9.0/stm32cubeide/plugins/com.st.stm32cube.ide.mcu.externaltools.gnu-tools-for-stm32.10.3-2021.10.win32_1.0.0.202111181127/tools/bin/../lib/gcc/arm-none-eabi/10.3.1/thumb/v7e-m+fp/hard\libgcc.a(_udivmoddi4.o)
